// Jest Snapshot v1, https://goo.gl/fbAQLP

exports[`Display Filter Snapshot render display filters 1`] = `
<ul
  className="ant-menu ant-menu-light ant-menu-root ant-menu-inline"
  onMouseEnter={[Function]}
  onTransitionEnd={[Function]}
  role="menu"
  style={Object {}}
>
  <div />
  <li
    className="ant-menu-submenu ant-menu-submenu-inline"
    onMouseEnter={[Function]}
    onMouseLeave={[Function]}
    role="menuitem"
  >
    <div
      aria-expanded={false}
      aria-haspopup="true"
      className="ant-menu-submenu-title"
      onClick={[Function]}
      onMouseEnter={[Function]}
      onMouseLeave={[Function]}
      role="button"
      style={
        Object {
          "paddingLeft": 24,
        }
      }
      title="Sort By"
    >
      Sort By
      <i
        className="ant-menu-submenu-arrow"
      />
    </div>
    <div />
  </li>
  <li
    className="ant-menu-submenu ant-menu-submenu-inline ant-menu-submenu-disabled"
    onMouseEnter={[Function]}
    onMouseLeave={[Function]}
    role="menuitem"
  >
    <div
      aria-expanded={false}
      aria-haspopup="true"
      className="ant-menu-submenu-title"
      role="button"
      style={
        Object {
          "paddingLeft": 24,
        }
      }
    >
      <span>
        Select Genre
      </span>
      <i
        className="ant-menu-submenu-arrow"
      />
    </div>
    <div />
  </li>
</ul>
`;

exports[`Display Filters functions and render genres should render the genres 1`] = `
Object {
  "asFragment": [Function],
  "baseElement": <body>
    <div>
      <ul
        class="ant-menu ant-menu-light ant-menu-root ant-menu-inline"
        role="menu"
      >
        <div />
        <li
          class="ant-menu-submenu ant-menu-submenu-inline"
          role="menuitem"
        >
          <div
            aria-expanded="false"
            aria-haspopup="true"
            class="ant-menu-submenu-title"
            role="button"
            style="padding-left: 24px;"
            title="Sort By"
          >
            Sort By
            <i
              class="ant-menu-submenu-arrow"
            />
          </div>
          <div />
        </li>
        <li
          class="ant-menu-submenu ant-menu-submenu-inline"
          role="menuitem"
        >
          <div
            aria-expanded="false"
            aria-haspopup="true"
            class="ant-menu-submenu-title"
            role="button"
            style="padding-left: 24px;"
          >
            <span>
              Select Genre
            </span>
            <i
              class="ant-menu-submenu-arrow"
            />
          </div>
          <div />
        </li>
      </ul>
    </div>
  </body>,
  "container": <div>
    <ul
      class="ant-menu ant-menu-light ant-menu-root ant-menu-inline"
      role="menu"
    >
      <div />
      <li
        class="ant-menu-submenu ant-menu-submenu-inline"
        role="menuitem"
      >
        <div
          aria-expanded="false"
          aria-haspopup="true"
          class="ant-menu-submenu-title"
          role="button"
          style="padding-left: 24px;"
          title="Sort By"
        >
          Sort By
          <i
            class="ant-menu-submenu-arrow"
          />
        </div>
        <div />
      </li>
      <li
        class="ant-menu-submenu ant-menu-submenu-inline"
        role="menuitem"
      >
        <div
          aria-expanded="false"
          aria-haspopup="true"
          class="ant-menu-submenu-title"
          role="button"
          style="padding-left: 24px;"
        >
          <span>
            Select Genre
          </span>
          <i
            class="ant-menu-submenu-arrow"
          />
        </div>
        <div />
      </li>
    </ul>
  </div>,
  "debug": [Function],
  "findAllByAltText": [Function],
  "findAllByDisplayValue": [Function],
  "findAllByLabelText": [Function],
  "findAllByPlaceholderText": [Function],
  "findAllByRole": [Function],
  "findAllByTestId": [Function],
  "findAllByText": [Function],
  "findAllByTitle": [Function],
  "findByAltText": [Function],
  "findByDisplayValue": [Function],
  "findByLabelText": [Function],
  "findByPlaceholderText": [Function],
  "findByRole": [Function],
  "findByTestId": [Function],
  "findByText": [Function],
  "findByTitle": [Function],
  "getAllByAltText": [Function],
  "getAllByDisplayValue": [Function],
  "getAllByLabelText": [Function],
  "getAllByPlaceholderText": [Function],
  "getAllByRole": [Function],
  "getAllByTestId": [Function],
  "getAllByText": [Function],
  "getAllByTitle": [Function],
  "getByAltText": [Function],
  "getByDisplayValue": [Function],
  "getByLabelText": [Function],
  "getByPlaceholderText": [Function],
  "getByRole": [Function],
  "getByTestId": [Function],
  "getByText": [Function],
  "getByTitle": [Function],
  "queryAllByAltText": [Function],
  "queryAllByDisplayValue": [Function],
  "queryAllByLabelText": [Function],
  "queryAllByPlaceholderText": [Function],
  "queryAllByRole": [Function],
  "queryAllByTestId": [Function],
  "queryAllByText": [Function],
  "queryAllByTitle": [Function],
  "queryByAltText": [Function],
  "queryByDisplayValue": [Function],
  "queryByLabelText": [Function],
  "queryByPlaceholderText": [Function],
  "queryByRole": [Function],
  "queryByTestId": [Function],
  "queryByText": [Function],
  "queryByTitle": [Function],
  "rerender": [Function],
  "unmount": [Function],
}
`;
