// Jest Snapshot v1, https://goo.gl/fbAQLP

exports[`Display Filters Component display filter snapshot 1`] = `
Object {
  "asFragment": [Function],
  "baseElement": <body>
    <div>
      <ul
        class="ant-menu ant-menu-light ant-menu-root ant-menu-inline"
        role="menu"
      >
        <div
          data-testid="tag-container"
        />
        <li
          class="ant-menu-submenu ant-menu-submenu-inline ant-menu-submenu-open ant-menu-submenu-selected"
          role="menuitem"
        >
          <div
            aria-expanded="true"
            aria-haspopup="true"
            aria-owns="sort-option$Menu"
            class="ant-menu-submenu-title"
            role="button"
            style="padding-left: 24px;"
            title="Sort By"
          >
            Sort By
            <i
              class="ant-menu-submenu-arrow"
            />
          </div>
          <ul
            class="ant-menu ant-menu-sub ant-menu-inline"
            id="sort-option$Menu"
            role="menu"
          >
            <li
              class="ant-menu-item ant-menu-item-only-child ant-menu-item-selected"
              role="menuitem"
              style="padding-left: 48px;"
            >
              Popularity
            </li>
            <li
              class="ant-menu-item ant-menu-item-only-child"
              role="menuitem"
              style="padding-left: 48px;"
            >
              Latest Release
            </li>
            <li
              class="ant-menu-item ant-menu-item-only-child"
              role="menuitem"
              style="padding-left: 48px;"
            >
              Oldest Release
            </li>
          </ul>
        </li>
        <li
          class="ant-menu-submenu ant-menu-submenu-inline ant-menu-submenu-disabled"
          role="menuitem"
        >
          <div
            aria-expanded="false"
            aria-haspopup="true"
            class="ant-menu-submenu-title"
            role="button"
            style="padding-left: 24px;"
          >
            <span>
              Select Genre
            </span>
            <i
              class="ant-menu-submenu-arrow"
            />
          </div>
          <div />
        </li>
      </ul>
    </div>
  </body>,
  "container": <div>
    <ul
      class="ant-menu ant-menu-light ant-menu-root ant-menu-inline"
      role="menu"
    >
      <div
        data-testid="tag-container"
      />
      <li
        class="ant-menu-submenu ant-menu-submenu-inline ant-menu-submenu-open ant-menu-submenu-selected"
        role="menuitem"
      >
        <div
          aria-expanded="true"
          aria-haspopup="true"
          aria-owns="sort-option$Menu"
          class="ant-menu-submenu-title"
          role="button"
          style="padding-left: 24px;"
          title="Sort By"
        >
          Sort By
          <i
            class="ant-menu-submenu-arrow"
          />
        </div>
        <ul
          class="ant-menu ant-menu-sub ant-menu-inline"
          id="sort-option$Menu"
          role="menu"
        >
          <li
            class="ant-menu-item ant-menu-item-only-child ant-menu-item-selected"
            role="menuitem"
            style="padding-left: 48px;"
          >
            Popularity
          </li>
          <li
            class="ant-menu-item ant-menu-item-only-child"
            role="menuitem"
            style="padding-left: 48px;"
          >
            Latest Release
          </li>
          <li
            class="ant-menu-item ant-menu-item-only-child"
            role="menuitem"
            style="padding-left: 48px;"
          >
            Oldest Release
          </li>
        </ul>
      </li>
      <li
        class="ant-menu-submenu ant-menu-submenu-inline ant-menu-submenu-disabled"
        role="menuitem"
      >
        <div
          aria-expanded="false"
          aria-haspopup="true"
          class="ant-menu-submenu-title"
          role="button"
          style="padding-left: 24px;"
        >
          <span>
            Select Genre
          </span>
          <i
            class="ant-menu-submenu-arrow"
          />
        </div>
        <div />
      </li>
    </ul>
  </div>,
  "debug": [Function],
  "findAllByAltText": [Function],
  "findAllByDisplayValue": [Function],
  "findAllByLabelText": [Function],
  "findAllByPlaceholderText": [Function],
  "findAllByRole": [Function],
  "findAllByTestId": [Function],
  "findAllByText": [Function],
  "findAllByTitle": [Function],
  "findByAltText": [Function],
  "findByDisplayValue": [Function],
  "findByLabelText": [Function],
  "findByPlaceholderText": [Function],
  "findByRole": [Function],
  "findByTestId": [Function],
  "findByText": [Function],
  "findByTitle": [Function],
  "getAllByAltText": [Function],
  "getAllByDisplayValue": [Function],
  "getAllByLabelText": [Function],
  "getAllByPlaceholderText": [Function],
  "getAllByRole": [Function],
  "getAllByTestId": [Function],
  "getAllByText": [Function],
  "getAllByTitle": [Function],
  "getByAltText": [Function],
  "getByDisplayValue": [Function],
  "getByLabelText": [Function],
  "getByPlaceholderText": [Function],
  "getByRole": [Function],
  "getByTestId": [Function],
  "getByText": [Function],
  "getByTitle": [Function],
  "queryAllByAltText": [Function],
  "queryAllByDisplayValue": [Function],
  "queryAllByLabelText": [Function],
  "queryAllByPlaceholderText": [Function],
  "queryAllByRole": [Function],
  "queryAllByTestId": [Function],
  "queryAllByText": [Function],
  "queryAllByTitle": [Function],
  "queryByAltText": [Function],
  "queryByDisplayValue": [Function],
  "queryByLabelText": [Function],
  "queryByPlaceholderText": [Function],
  "queryByRole": [Function],
  "queryByTestId": [Function],
  "queryByText": [Function],
  "queryByTitle": [Function],
  "rerender": [Function],
  "unmount": [Function],
}
`;
